\BOOKMARK [1][-]{appendix.A}{\376\377\000A\000\040\000S\000u\000p\000p\000l\000e\000m\000e\000n\000t\000\040\000t\000o\000\040\000t\000h\000e\000\040\000m\000e\000t\000h\000o\000d\000s}{}% 1
\BOOKMARK [2][-]{subsection.A.1}{\376\377\000A\000.\0001\000\040\000S\000c\000o\000p\000e\000\040\000o\000f\000\040\000t\000h\000e\000\040\000c\000o\000r\000p\000u\000s\000\040\000a\000n\000d\000\040\000t\000h\000e\000\040\000c\000o\000m\000p\000l\000e\000t\000e\000n\000e\000s\000s\000\040\000g\000u\000a\000r\000d}{appendix.A}% 2
\BOOKMARK [2][-]{subsection.A.2}{\376\377\000A\000.\0002\000\040\000E\000n\000d\000p\000o\000i\000n\000t\000s\000,\000\040\000s\000e\000e\000d\000s\000,\000\040\000p\000a\000r\000s\000i\000n\000g\000\040\000a\000n\000d\000\040\000f\000a\000l\000l\000b\000a\000c\000k}{appendix.A}% 3
\BOOKMARK [2][-]{subsection.A.3}{\376\377\000A\000.\0003\000\040\000T\000h\000e\000\040\000s\000c\000a\000l\000e\000d\000\040\000p\000a\000y\000o\000f\000f\000\040\000m\000a\000t\000r\000i\000x\000\040\000a\000t\000\040\000a\000l\000l\000\040\000t\000e\000n\000\040\000s\000c\000a\000l\000e\000s}{appendix.A}% 4
\BOOKMARK [2][-]{subsection.A.4}{\376\377\000A\000.\0004\000\040\000P\000r\000o\000m\000p\000t\000\040\000t\000e\000m\000p\000l\000a\000t\000e\000s\000\040\000a\000n\000d\000\040\000a\000\040\000f\000r\000a\000m\000i\000n\000g\000\040\000a\000r\000t\000e\000f\000a\000c\000t}{appendix.A}% 5
\BOOKMARK [2][-]{subsection.A.5}{\376\377\000A\000.\0005\000\040\000T\000h\000e\000\040\000r\000u\000l\000e\000\040\000b\000a\000s\000e}{appendix.A}% 6
\BOOKMARK [2][-]{subsection.A.6}{\376\377\000A\000.\0006\000\040\000C\000l\000a\000s\000s\000i\000f\000i\000e\000r\000\040\000t\000r\000a\000i\000n\000i\000n\000g\000\040\000a\000n\000d\000\040\000v\000a\000l\000i\000d\000a\000t\000i\000o\000n}{appendix.A}% 7
\BOOKMARK [2][-]{subsection.A.7}{\376\377\000A\000.\0007\000\040\000R\000e\000s\000a\000m\000p\000l\000i\000n\000g\000\040\000a\000n\000d\000\040\000t\000e\000s\000t\000i\000n\000g}{appendix.A}% 8
\BOOKMARK [1][-]{appendix.B}{\376\377\000B\000\040\000S\000u\000p\000p\000l\000e\000m\000e\000n\000t\000\040\000t\000o\000\040\000t\000h\000e\000\040\000r\000e\000s\000u\000l\000t\000s}{}% 9
\BOOKMARK [2][-]{subsection.B.1}{\376\377\000B\000.\0001\000\040\000C\000o\000o\000p\000e\000r\000a\000t\000i\000o\000n\000\040\000b\000y\000\040\000m\000o\000d\000e\000l\000\040\000a\000n\000d\000\040\000p\000a\000y\000o\000f\000f\000\040\000s\000c\000a\000l\000e}{appendix.B}% 10
\BOOKMARK [2][-]{subsection.B.2}{\376\377\000B\000.\0002\000\040\000C\000o\000o\000p\000e\000r\000a\000t\000i\000o\000n\000\040\000b\000y\000\040\000m\000o\000d\000e\000l\000,\000\040\000p\000r\000o\000m\000p\000t\000\040\000l\000a\000n\000g\000u\000a\000g\000e\000\040\000a\000n\000d\000\040\000p\000a\000y\000o\000f\000f\000\040\000s\000c\000a\000l\000e}{appendix.B}% 11
\BOOKMARK [2][-]{subsection.B.3}{\376\377\000B\000.\0003\000\040\000V\000a\000r\000i\000a\000n\000c\000e\000\040\000d\000e\000c\000o\000m\000p\000o\000s\000i\000t\000i\000o\000n}{appendix.B}% 12
\BOOKMARK [2][-]{subsection.B.4}{\376\377\000B\000.\0004\000\040\000P\000e\000r\000s\000o\000n\000a\000,\000\040\000i\000n\000\040\000f\000u\000l\000l}{appendix.B}% 13
\BOOKMARK [2][-]{subsection.B.5}{\376\377\000B\000.\0005\000\040\000T\000h\000e\000\040\000s\000t\000r\000a\000t\000e\000g\000y\000\040\000r\000e\000a\000d\000-\000o\000u\000t\000,\000\040\000i\000n\000\040\000f\000u\000l\000l}{appendix.B}% 14
\BOOKMARK [2][-]{subsection.B.6}{\376\377\000B\000.\0006\000\040\000W\000h\000y\000\040\000t\000h\000e\000\040\000m\000o\000d\000e\000l\000\040\000c\000u\000r\000v\000e\000s\000\040\000c\000a\000n\000c\000e\000l\000\040\000u\000n\000d\000e\000r\000\040\000p\000o\000o\000l\000i\000n\000g}{appendix.B}% 15
\BOOKMARK [2][-]{subsection.B.7}{\376\377\000B\000.\0007\000\040\000T\000h\000e\000\040\000s\000i\000x\000t\000h\000\040\000m\000o\000d\000e\000l\000,\000\040\000G\000e\000m\000i\000n\000i\000\040\0003\000.\0001\000\040\000F\000l\000a\000s\000h\000-\000L\000i\000t\000e}{appendix.B}% 16
\BOOKMARK [2][-]{subsection.B.8}{\376\377\000B\000.\0008\000\040\000T\000h\000e\000\040\000o\000p\000e\000n\000i\000n\000g\000\040\000m\000o\000v\000e\000,\000\040\000i\000n\000\040\000d\000e\000t\000a\000i\000l}{appendix.B}% 17
\BOOKMARK [1][-]{appendix.C}{\376\377\000C\000\040\000T\000h\000e\000\040\000e\000v\000o\000l\000u\000t\000i\000o\000n\000a\000r\000y\000\040\000b\000a\000s\000e\000l\000i\000n\000e}{}% 18
\BOOKMARK [2][-]{subsection.C.1}{\376\377\000C\000.\0001\000\040\000T\000h\000e\000\040\000m\000o\000d\000e\000l}{appendix.C}% 19
\BOOKMARK [2][-]{subsection.C.2}{\376\377\000C\000.\0002\000\040\000T\000h\000e\000\040\000s\000t\000r\000a\000t\000e\000g\000i\000e\000s\000\040\000u\000n\000d\000e\000r\000\040\000e\000x\000e\000c\000u\000t\000i\000o\000n\000\040\000n\000o\000i\000s\000e}{appendix.C}% 20
\BOOKMARK [2][-]{subsection.C.3}{\376\377\000C\000.\0003\000\040\000N\000u\000m\000e\000r\000i\000c\000a\000l\000\040\000m\000e\000t\000h\000o\000d\000\040\000a\000n\000d\000\040\000p\000r\000e\000c\000i\000s\000i\000o\000n\000\040\000a\000u\000d\000i\000t}{appendix.C}% 21
\BOOKMARK [2][-]{subsection.C.4}{\376\377\000C\000.\0004\000\040\000T\000h\000e\000\040\000g\000r\000i\000d}{appendix.C}% 22
\BOOKMARK [2][-]{subsection.C.5}{\376\377\000C\000.\0005\000\040\000C\000o\000m\000p\000a\000r\000i\000s\000o\000n\000\040\000w\000i\000t\000h\000\040\000t\000h\000e\000\040\000c\000o\000r\000p\000u\000s}{appendix.C}% 23
\BOOKMARK [2][-]{subsection.C.6}{\376\377\000C\000.\0006\000\040\000E\000x\000e\000c\000u\000t\000i\000o\000n\000\040\000n\000o\000i\000s\000e\000\040\000i\000s\000\040\000n\000o\000t\000\040\000a\000\040\000f\000r\000e\000e\000\040\000p\000a\000r\000a\000m\000e\000t\000e\000r\000\040\000h\000e\000r\000e}{appendix.C}% 24
\BOOKMARK [1][-]{appendix.D}{\376\377\000D\000\040\000R\000o\000b\000u\000s\000t\000n\000e\000s\000s}{}% 25
\BOOKMARK [2][-]{subsection.D.1}{\376\377\000D\000.\0001\000\040\000W\000h\000a\000t\000\040\000i\000n\000c\000l\000u\000d\000i\000n\000g\000\040\000t\000h\000e\000\040\000s\000i\000x\000t\000h\000\040\000m\000o\000d\000e\000l\000\040\000c\000h\000a\000n\000g\000e\000s}{appendix.D}% 26
\BOOKMARK [2][-]{subsection.D.2}{\376\377\000D\000.\0002\000\040\000T\000h\000e\000\040\000r\000e\000a\000d\000-\000o\000u\000t\000\040\000a\000t\000\040\000t\000h\000e\000\040\000e\000d\000g\000e\000\040\000o\000f\000\040\000i\000t\000s\000\040\000v\000a\000l\000i\000d\000a\000t\000e\000d\000\040\000r\000a\000n\000g\000e}{appendix.D}% 27
\BOOKMARK [2][-]{subsection.D.3}{\376\377\000D\000.\0003\000\040\000P\000a\000r\000s\000i\000n\000g\000,\000\040\000f\000a\000l\000l\000b\000a\000c\000k\000\040\000a\000n\000d\000\040\000t\000h\000e\000\040\000d\000i\000r\000e\000c\000t\000i\000o\000n\000\040\000o\000f\000\040\000t\000h\000e\000\040\000b\000i\000a\000s}{appendix.D}% 28
\BOOKMARK [2][-]{subsection.D.4}{\376\377\000D\000.\0004\000\040\000W\000h\000a\000t\000\040\000t\000h\000i\000s\000\040\000d\000e\000s\000i\000g\000n\000\040\000d\000o\000e\000s\000\040\000n\000o\000t\000\040\000m\000e\000a\000s\000u\000r\000e}{appendix.D}% 29
\BOOKMARK [1][-]{appendix.E}{\376\377\000E\000\040\000R\000e\000p\000r\000o\000d\000u\000c\000t\000i\000o\000n}{}% 30
